Performing C SOURCE FILE Test CMAKE_HAVE_LIBC_PTHREAD failed with the following output:
Change Dir: /workspaces/labs_os-1/CMakeFiles/CMakeTmp

Run Build Command(s):/usr/bin/gmake cmTC_5af5a/fast && gmake: Warning: File 'Makefile' has modification time 1.5 s in the future
/usr/bin/gmake  -f CMakeFiles/cmTC_5af5a.dir/build.make CMakeFiles/cmTC_5af5a.dir/build
gmake[1]: Entering directory '/workspaces/labs_os-1/CMakeFiles/CMakeTmp'
gmake[1]: Warning: File 'CMakeFiles/cmTC_5af5a.dir/flags.make' has modification time 1.5 s in the future
Building C object CMakeFiles/cmTC_5af5a.dir/src.c.o
/usr/bin/cc   -DCMAKE_HAVE_LIBC_PTHREAD -o CMakeFiles/cmTC_5af5a.dir/src.c.o -c /workspaces/labs_os-1/CMakeFiles/CMakeTmp/src.c
Linking C executable cmTC_5af5a
/usr/bin/cmake -E cmake_link_script CMakeFiles/cmTC_5af5a.dir/link.txt --verbose=1
/usr/bin/cc  -DCMAKE_HAVE_LIBC_PTHREAD CMakeFiles/cmTC_5af5a.dir/src.c.o -o cmTC_5af5a 
/usr/bin/ld: CMakeFiles/cmTC_5af5a.dir/src.c.o: in function `main':
src.c:(.text+0x2f): undefined reference to `pthread_create'
/usr/bin/ld: src.c:(.text+0x3b): undefined reference to `pthread_detach'
/usr/bin/ld: src.c:(.text+0x47): undefined reference to `pthread_cancel'
/usr/bin/ld: src.c:(.text+0x58): undefined reference to `pthread_join'
collect2: error: ld returned 1 exit status
gmake[1]: *** [CMakeFiles/cmTC_5af5a.dir/build.make:106: cmTC_5af5a] Error 1
gmake[1]: Leaving directory '/workspaces/labs_os-1/CMakeFiles/CMakeTmp'
gmake: *** [Makefile:140: cmTC_5af5a/fast] Error 2


Source file was:
#include <pthread.h>

void* test_func(void* data)
{
  return data;
}

int main(void)
{
  pthread_t thread;
  pthread_create(&thread, NULL, test_func, NULL);
  pthread_detach(thread);
  pthread_cancel(thread);
  pthread_join(thread, NULL);
  pthread_atfork(NULL, NULL, NULL);
  pthread_exit(NULL);

  return 0;
}

Determining if the function pthread_create exists in the pthreads failed with the following output:
Change Dir: /workspaces/labs_os-1/CMakeFiles/CMakeTmp

Run Build Command(s):/usr/bin/gmake cmTC_b22eb/fast && gmake: Warning: File 'Makefile' has modification time 1.4 s in the future
/usr/bin/gmake  -f CMakeFiles/cmTC_b22eb.dir/build.make CMakeFiles/cmTC_b22eb.dir/build
gmake[1]: Entering directory '/workspaces/labs_os-1/CMakeFiles/CMakeTmp'
gmake[1]: Warning: File 'CMakeFiles/cmTC_b22eb.dir/flags.make' has modification time 1.4 s in the future
Building C object CMakeFiles/cmTC_b22eb.dir/CheckFunctionExists.c.o
/usr/bin/cc   -DCHECK_FUNCTION_EXISTS=pthread_create -o CMakeFiles/cmTC_b22eb.dir/CheckFunctionExists.c.o -c /usr/share/cmake-3.18/Modules/CheckFunctionExists.c
Linking C executable cmTC_b22eb
/usr/bin/cmake -E cmake_link_script CMakeFiles/cmTC_b22eb.dir/link.txt --verbose=1
/usr/bin/cc  -DCHECK_FUNCTION_EXISTS=pthread_create CMakeFiles/cmTC_b22eb.dir/CheckFunctionExists.c.o -o cmTC_b22eb  -lpthreads 
/usr/bin/ld: cannot find -lpthreads
collect2: error: ld returned 1 exit status
gmake[1]: *** [CMakeFiles/cmTC_b22eb.dir/build.make:106: cmTC_b22eb] Error 1
gmake[1]: Leaving directory '/workspaces/labs_os-1/CMakeFiles/CMakeTmp'
gmake: *** [Makefile:140: cmTC_b22eb/fast] Error 2



